                                                          google_translate                                                          
------------------------------------------------------------------------------------------------------------------------------------
 !. &quot;# $% &amp; &#39;() * +, - / 0123456789:; &lt;=&gt; @ ABCDEFGHIJKLMNOPQRSTUVWXYZ [\\] ^ _` abcdefghijklmnopqrstuvwxyz | ~?
(1 row)

